// Jest Snapshot v1, https://goo.gl/fbAQLP

exports[`CounterComponent debe de hacer match 1`] = `undefined`;
